// Jest Snapshot v1, https://goo.gl/fbAQLP

exports[`Data Section should be able to render without crashing 1`] = `
<div
  className="space-y-3"
>
  <h2
    className="block antialiased tracking-normal font-sans text-4xl font-semibold leading-[1.3] text-inherit"
  />
  <div>
    <div
      className="flex space-x-2"
    >
      <div>
        $ 
      </div>
    </div>
  </div>
  <div />
</div>
`;
