// Jest Snapshot v1, https://goo.gl/fbAQLP

exports[`Related Section should be able to render without crashing 1`] = `null`;
