// Jest Snapshot v1, https://goo.gl/fbAQLP

exports[`Detail Page should be able to render without crashing 1`] = `
<div>
  <section
    className="flex items-center justify-center space-x-10 xl:max-w-5xl"
  >
    <img
      alt="empty image"
    />
    <div>
      <h2
        className="block antialiased tracking-normal font-sans text-4xl font-semibold leading-[1.3] text-inherit"
      />
      <div
        className="flex space-x-2"
      >
        <div>
          $ 
        </div>
      </div>
    </div>
    <div
      className="relative flex flex-col bg-clip-border rounded-xl bg-white text-gray-700 shadow-md"
    >
      <div
        className="p-6 space-y-2"
      >
        <h4
          className="block antialiased tracking-normal font-sans text-2xl font-semibold leading-snug text-inherit"
        >
          $ 
        </h4>
        <button
          className="middle none font-sans font-bold center uppercase transition-all disabled:opacity-50 disabled:shadow-none disabled:pointer-events-none text-xs py-3 px-6 rounded-lg bg-blue-500 text-white shadow-md shadow-blue-500/20 hover:shadow-lg hover:shadow-blue-500/40 focus:opacity-[0.85] focus:shadow-none active:opacity-[0.85] active:shadow-none"
          onMouseDown={[Function]}
          type="button"
        >
          Add to Cart
        </button>
      </div>
    </div>
  </section>
  <section>
    related
  </section>
</div>
`;
